exports[`test Should update position of task after clicking on next button 1`] = `
<Card
  className="task"
  expandable={false}
  expanded={null}
  initiallyExpanded={false}
  style={Object {}}>
  <Badge
    badgeContent={<ActionBookmark />}
    primary={false}
    secondary={false}
    style={
      Object {
        "width": "100%",
      }
    }>
    <CardHeader
      avatar={null}
      subtitle=""
      title={
        <span>
          test
        </span>
      }
      titleStyle={
        Object {
          "fontSize": 16,
        }
      } />
  </Badge>
  <CardText
    className="task-text">
    <ReactMarkdown
      containerTagName="div"
      parserOptions={Object {}}
      source="test desc" />
  </CardText>
  <CardActions>
    <Grid
      bsClass="container"
      componentClass="div"
      fluid={true}>
      <Row
        bsClass="row"
        className="show-grid"
        componentClass="div">
        <Col
          bsClass="col"
          componentClass="div"
          lg={4}>
          <IconButton
            disableTouchRipple={false}
            disabled={false}
            iconStyle={
              Object {
                "height": 20,
                "width": 20,
              }
            }
            onClick={[Function]}
            style={
              Object {
                "height": 20,
                "padding": 0,
                "width": 20,
              }
            }
            tooltip="Show Task"
            tooltipPosition="top-center"
            touch={false}>
            <ActionOpenInNew />
          </IconButton>
        </Col>
        <Col
          bsClass="col"
          componentClass="div"
          lg={8}>
          <div
            className="pull-right">
            <IconButton
              className="prevButton"
              disableTouchRipple={false}
              disabled={true}
              iconStyle={
                Object {
                  "height": 20,
                  "width": 20,
                }
              }
              onClick={[Function]}
              style={
                Object {
                  "height": 20,
                  "padding": 0,
                  "width": 20,
                }
              }
              tooltipPosition="bottom-center"
              touch={false}>
              <NavigationChevronLeft />
            </IconButton>
            <IconButton
              className="nextButton"
              disableTouchRipple={false}
              disabled={false}
              iconStyle={
                Object {
                  "height": 20,
                  "width": 20,
                }
              }
              onClick={[Function]}
              style={
                Object {
                  "height": 20,
                  "padding": 0,
                  "width": 20,
                }
              }
              tooltipPosition="bottom-center"
              touch={false}>
              <NavigationChevronRight />
            </IconButton>
          </div>
        </Col>
      </Row>
    </Grid>
  </CardActions>
</Card>
`;
